[1m[93mwarning[0m: build failed, waiting for other jobs to finish...
